Archive member included to satisfy reference by file (symbol)

lib/orangescrt.a(printf.o)    kernel/main.o (printf)
lib/orangescrt.a(vsprintf.o)  kernel/main.o (vsprintf)
lib/orangescrt.a(string.o)    kernel/start.o (memcpy)
lib/orangescrt.a(misc.o)      kernel/main.o (send_recv)
lib/orangescrt.a(open.o)      kernel/main.o (open)
lib/orangescrt.a(read.o)      kernel/main.o (read)
lib/orangescrt.a(write.o)     kernel/main.o (write)
lib/orangescrt.a(close.o)     kernel/main.o (close)
lib/orangescrt.a(lseek.o)     kernel/main.o (lseek)
lib/orangescrt.a(getpid.o)    kernel/main.o (getpid)
lib/orangescrt.a(stat.o)      mm/exec.o (stat)
lib/orangescrt.a(fork.o)      kernel/main.o (fork)
lib/orangescrt.a(wait.o)      kernel/main.o (wait)
lib/orangescrt.a(exec.o)      kernel/main.o (execv)
lib/orangescrt.a(syscall.o)   lib/orangescrt.a(misc.o) (sendrec)

Allocating common symbols
Common symbol       size              file

idt_ptr             0x6               kernel/global.o
inode_table         0xb00             kernel/global.o
task_stack          0x24000           kernel/global.o
k_reenter           0x4               kernel/global.o
gdt                 0x400             kernel/global.o
current_console     0x4               kernel/global.o
pcaller             0x4               kernel/global.o
tty_table           0xc6c             kernel/global.o
tss                 0x68              kernel/global.o
fs_msg              0x34              kernel/global.o
memory_size         0x4               kernel/global.o
f_desc_table        0x400             kernel/global.o
root_inode          0x4               kernel/global.o
disp_pos            0x4               kernel/global.o
mm_msg              0x34              kernel/global.o
key_pressed         0x4               kernel/global.o
gdt_ptr             0x6               kernel/global.o
idt                 0x800             kernel/global.o
super_block         0x1e0             kernel/global.o
PARTITION_ENTRY     0x10              kernel/hd.o
ticks               0x4               kernel/global.o
console_table       0x3c              kernel/global.o
irq_table           0x40              kernel/global.o
p_proc_ready        0x4               kernel/global.o
proc_table          0x3af8            kernel/global.o
kb_in               0x2c              kernel/keyboard.o

Discarded input sections

 .note.GNU-stack
                0x0000000000000000        0x0 kernel/start.o
 .note.GNU-stack
                0x0000000000000000        0x0 kernel/main.o
 .note.GNU-stack
                0x0000000000000000        0x0 kernel/clock.o
 .note.GNU-stack
                0x0000000000000000        0x0 kernel/keyboard.o
 .note.GNU-stack
                0x0000000000000000        0x0 kernel/tty.o
 .note.GNU-stack
                0x0000000000000000        0x0 kernel/console.o
 .note.GNU-stack
                0x0000000000000000        0x0 kernel/i8259.o
 .note.GNU-stack
                0x0000000000000000        0x0 kernel/global.o
 .note.GNU-stack
                0x0000000000000000        0x0 kernel/protect.o
 .note.GNU-stack
                0x0000000000000000        0x0 kernel/proc.o
 .note.GNU-stack
                0x0000000000000000        0x0 kernel/systask.o
 .note.GNU-stack
                0x0000000000000000        0x0 kernel/hd.o
 .note.GNU-stack
                0x0000000000000000        0x0 kernel/klib.o
 .note.GNU-stack
                0x0000000000000000        0x0 lib/syslog.o
 .note.GNU-stack
                0x0000000000000000        0x0 mm/main.o
 .note.GNU-stack
                0x0000000000000000        0x0 mm/forkexit.o
 .note.GNU-stack
                0x0000000000000000        0x0 mm/exec.o
 .note.GNU-stack
                0x0000000000000000        0x0 fs/main.o
 .note.GNU-stack
                0x0000000000000000        0x0 fs/open.o
 .note.GNU-stack
                0x0000000000000000        0x0 fs/misc.o
 .note.GNU-stack
                0x0000000000000000        0x0 fs/read_write.o
 .note.GNU-stack
                0x0000000000000000        0x0 fs/link.o
 .note.GNU-stack
                0x0000000000000000        0x0 fs/disklog.o
 .note.GNU-stack
                0x0000000000000000        0x0 lib/orangescrt.a(printf.o)
 .note.GNU-stack
                0x0000000000000000        0x0 lib/orangescrt.a(vsprintf.o)
 .note.GNU-stack
                0x0000000000000000        0x0 lib/orangescrt.a(misc.o)
 .note.GNU-stack
                0x0000000000000000        0x0 lib/orangescrt.a(open.o)
 .note.GNU-stack
                0x0000000000000000        0x0 lib/orangescrt.a(read.o)
 .note.GNU-stack
                0x0000000000000000        0x0 lib/orangescrt.a(write.o)
 .note.GNU-stack
                0x0000000000000000        0x0 lib/orangescrt.a(close.o)
 .note.GNU-stack
                0x0000000000000000        0x0 lib/orangescrt.a(lseek.o)
 .note.GNU-stack
                0x0000000000000000        0x0 lib/orangescrt.a(getpid.o)
 .note.GNU-stack
                0x0000000000000000        0x0 lib/orangescrt.a(stat.o)
 .note.GNU-stack
                0x0000000000000000        0x0 lib/orangescrt.a(fork.o)
 .note.GNU-stack
                0x0000000000000000        0x0 lib/orangescrt.a(wait.o)
 .note.GNU-stack
                0x0000000000000000        0x0 lib/orangescrt.a(exec.o)

Memory Configuration

Name             Origin             Length             Attributes
*default*        0x0000000000000000 0xffffffffffffffff

Linker script and memory map

Address of section .text set to 0x1000
LOAD kernel/kernel.o
LOAD kernel/start.o
LOAD kernel/main.o
LOAD kernel/clock.o
LOAD kernel/keyboard.o
LOAD kernel/tty.o
LOAD kernel/console.o
LOAD kernel/i8259.o
LOAD kernel/global.o
LOAD kernel/protect.o
LOAD kernel/proc.o
LOAD kernel/systask.o
LOAD kernel/hd.o
LOAD kernel/kliba.o
LOAD kernel/klib.o
LOAD lib/syslog.o
LOAD mm/main.o
LOAD mm/forkexit.o
LOAD mm/exec.o
LOAD fs/main.o
LOAD fs/open.o
LOAD fs/misc.o
LOAD fs/read_write.o
LOAD fs/link.o
LOAD fs/disklog.o
LOAD lib/orangescrt.a
                [!provide]                        PROVIDE (__executable_start, 0x8048000)
                0x0000000008048094                . = (0x8048000 + SIZEOF_HEADERS)

.interp
 *(.interp)

.note.gnu.build-id
 *(.note.gnu.build-id)

.hash
 *(.hash)

.gnu.hash
 *(.gnu.hash)

.dynsym
 *(.dynsym)

.dynstr
 *(.dynstr)

.gnu.version
 *(.gnu.version)

.gnu.version_d
 *(.gnu.version_d)

.gnu.version_r
 *(.gnu.version_r)

.rel.dyn        0x0000000008048094        0x0
 *(.rel.init)
 *(.rel.text .rel.text.* .rel.gnu.linkonce.t.*)
 .rel.text      0x0000000008048094        0x0 kernel/kernel.o
 *(.rel.fini)
 *(.rel.rodata .rel.rodata.* .rel.gnu.linkonce.r.*)
 *(.rel.data.rel.ro .rel.data.rel.ro.* .rel.gnu.linkonce.d.rel.ro.*)
 *(.rel.data .rel.data.* .rel.gnu.linkonce.d.*)
 .rel.data      0x0000000008048094        0x0 kernel/kernel.o
 *(.rel.tdata .rel.tdata.* .rel.gnu.linkonce.td.*)
 *(.rel.tbss .rel.tbss.* .rel.gnu.linkonce.tb.*)
 *(.rel.ctors)
 *(.rel.dtors)
 *(.rel.got)
 *(.rel.bss .rel.bss.* .rel.gnu.linkonce.b.*)
 *(.rel.ifunc)

.rel.plt        0x0000000008048094        0x0
 *(.rel.plt)
                [!provide]                        PROVIDE (__rel_iplt_start, .)
 *(.rel.iplt)
 .rel.iplt      0x0000000008048094        0x0 kernel/kernel.o
                [!provide]                        PROVIDE (__rel_iplt_end, .)

.init
 *(SORT(.init))

.plt            0x00000000080480a0        0x0
 *(.plt)
 *(.iplt)
 .iplt          0x00000000080480a0        0x0 kernel/kernel.o

.plt.got
 *(.plt.got)

.text           0x0000000000001000     0xcd38
 *(.text.unlikely .text.*_unlikely .text.unlikely.*)
 *(.text.exit .text.exit.*)
 *(.text.startup .text.startup.*)
 *(.text.hot .text.hot.*)
 *(.text .stub .text.* .gnu.linkonce.t.*)
 .text          0x0000000000001000      0x410 kernel/kernel.o
                0x0000000000001000                _start
                0x0000000000001040                hwint00
                0x0000000000001070                hwint01
                0x00000000000010a0                hwint02
                0x00000000000010d0                hwint03
                0x0000000000001100                hwint04
                0x0000000000001130                hwint05
                0x0000000000001160                hwint06
                0x0000000000001190                hwint07
                0x00000000000011c0                hwint08
                0x00000000000011f0                hwint09
                0x0000000000001220                hwint10
                0x0000000000001250                hwint11
                0x0000000000001280                hwint12
                0x00000000000012b0                hwint13
                0x00000000000012e0                hwint14
                0x0000000000001310                hwint15
                0x0000000000001334                divide_error
                0x000000000000133a                single_step_exception
                0x0000000000001340                nmi
                0x0000000000001346                breakpoint_exception
                0x000000000000134c                overflow
                0x0000000000001352                bounds_check
                0x0000000000001358                inval_opcode
                0x000000000000135e                copr_not_available
                0x0000000000001364                double_fault
                0x0000000000001368                copr_seg_overrun
                0x000000000000136e                inval_tss
                0x0000000000001372                segment_not_present
                0x0000000000001376                stack_exception
                0x000000000000137a                general_protection
                0x000000000000137e                page_fault
                0x0000000000001382                copr_error
                0x00000000000013cb                sys_call
                0x00000000000013eb                restart
 .text          0x0000000000001410       0x95 kernel/start.o
                0x0000000000001410                cstart
 .text          0x00000000000014a5      0xba6 kernel/main.o
                0x00000000000014a5                kernel_main
                0x00000000000017c0                get_ticks
                0x00000000000017f4                untar
                0x0000000000001a9e                shabby_shell
                0x0000000000001cad                Init
                0x0000000000001fba                TestA
                0x0000000000001fd2                TestB
                0x0000000000001fea                TestC
                0x0000000000002002                panic
 .text          0x000000000000204b      0x10d kernel/clock.o
                0x000000000000204b                clock_handler
                0x00000000000020c6                milli_delay
                0x0000000000002100                init_clock
 .text          0x0000000000002158      0x6da kernel/keyboard.o
                0x0000000000002158                keyboard_handler
                0x00000000000021c2                init_keyboard
                0x0000000000002271                keyboard_read
 .text          0x0000000000002832      0xc85 kernel/tty.o
                0x0000000000002832                task_tty
                0x0000000000002a23                in_process
                0x000000000000313b                sys_printx
                0x00000000000032da                dump_tty_buf
 .text          0x00000000000034b7      0x8d2 kernel/console.o
                0x00000000000034b7                init_screen
                0x000000000000369e                out_char
                0x000000000000398e                clear_screen
                0x00000000000039c8                is_current_console
                0x0000000000003abb                select_console
                0x0000000000003afb                scroll_screen
                0x0000000000003d1a                flush
 .text          0x0000000000003d89      0x130 kernel/i8259.o
                0x0000000000003d89                init_8259A
                0x0000000000003e5e                spurious_irq
                0x0000000000003e95                put_irq_handler
 .text          0x0000000000003eb9        0x0 kernel/global.o
 .text          0x0000000000003eb9      0x65f kernel/protect.o
                0x0000000000003eb9                init_prot
                0x0000000000004321                seg2linear
                0x0000000000004370                init_desc
                0x00000000000043dd                exception_handler
 .text          0x0000000000004518     0x15f5 kernel/proc.o
                0x0000000000004518                schedule
                0x00000000000045a4                sys_sendrec
                0x00000000000046c4                ldt_seg_linear
                0x000000000000470e                va2la
                0x000000000000476f                reset_msg
                0x0000000000005554                inform_int
                0x00000000000056c4                dump_proc
                0x0000000000005a00                dump_msg
 .text          0x0000000000005b0d      0x358 kernel/systask.o
                0x0000000000005b0d                task_sys
 .text          0x0000000000005e65      0xd1e kernel/hd.o
                0x0000000000005e65                task_hd
                0x0000000000006b58                hd_handler
 *fill*         0x0000000000006b83        0xd 
 .text          0x0000000000006b90      0x19a kernel/kliba.o
                0x0000000000006b90                disp_str
                0x0000000000006bce                disp_color_str
                0x0000000000006c0d                out_byte
                0x0000000000006c19                in_byte
                0x0000000000006c23                port_read
                0x0000000000006c36                port_write
                0x0000000000006c49                disable_irq
                0x0000000000006c7e                enable_irq
                0x0000000000006c9d                disable_int
                0x0000000000006c9f                enable_int
                0x0000000000006ca1                glitter
 .text          0x0000000000006d2a      0x2af kernel/klib.o
                0x0000000000006d2a                get_boot_params
                0x0000000000006db0                get_kernel_map
                0x0000000000006ec0                itoa
                0x0000000000006f6b                disp_int
                0x0000000000006f92                delay
 .text          0x0000000000006fd9       0x6f lib/syslog.o
                0x0000000000006fd9                syslog
 .text          0x0000000000007048      0x1bc mm/main.o
                0x0000000000007048                task_mm
                0x000000000000717f                alloc_mem
                0x00000000000071fa                free_mem
 .text          0x0000000000007204      0x5c0 mm/forkexit.o
                0x0000000000007204                do_fork
                0x0000000000007545                do_exit
                0x000000000000770e                do_wait
 .text          0x00000000000077c4      0x356 mm/exec.o
                0x00000000000077c4                do_exec
 .text          0x0000000000007b1a     0x114c fs/main.o
                0x0000000000007b1a                task_fs
                0x000000000000864b                rw_sector
                0x000000000000886e                get_super_block
                0x00000000000088b4                get_inode
                0x0000000000008a17                put_inode
                0x0000000000008a55                sync_inode
 .text          0x0000000000008c66      0xb4d fs/open.o
                0x0000000000008c66                do_open
                0x000000000000918c                do_close
                0x0000000000009207                do_lseek
 .text          0x00000000000097b3      0x99d fs/misc.o
                0x00000000000097b3                do_stat
                0x0000000000009984                search_file
                0x0000000000009ada                strip_path
                0x0000000000009b65                do_finfo
                0x0000000000009f17                do_list
 .text          0x000000000000a150      0x4b0 fs/read_write.o
                0x000000000000a150                do_rdwt
 .text          0x000000000000a600      0x808 fs/link.o
                0x000000000000a600                do_unlink
 .text          0x000000000000ae08     0x1fb8 fs/disklog.o
                0x000000000000ae08                disklog
                0x000000000000b375                dump_fd_graph
 .text          0x000000000000cdc0       0xad lib/orangescrt.a(printf.o)
                0x000000000000cdc0                printf
                0x000000000000ce2b                printl
 .text          0x000000000000ce6d      0x725 lib/orangescrt.a(vsprintf.o)
                0x000000000000cecb                is_digit
                0x000000000000d18c                vsprintf
                0x000000000000d56c                sprintf
 *fill*         0x000000000000d592        0xe 
 .text          0x000000000000d5a0       0x78 lib/orangescrt.a(string.o)
                0x000000000000d5a0                memcpy
                0x000000000000d5c9                memset
                0x000000000000d5ea                strcpy
                0x000000000000d602                strlen
 .text          0x000000000000d618      0x256 lib/orangescrt.a(misc.o)
                0x000000000000d618                send_recv
                0x000000000000d6d2                memcmp
                0x000000000000d748                strcmp
                0x000000000000d7bb                strcat
                0x000000000000d81a                spin
                0x000000000000d835                assertion_failure
 .text          0x000000000000d86e       0x42 lib/orangescrt.a(open.o)
                0x000000000000d86e                open
 .text          0x000000000000d8b0       0x37 lib/orangescrt.a(read.o)
                0x000000000000d8b0                read
 .text          0x000000000000d8e7       0x37 lib/orangescrt.a(write.o)
                0x000000000000d8e7                write
 .text          0x000000000000d91e       0x2b lib/orangescrt.a(close.o)
                0x000000000000d91e                close
 .text          0x000000000000d949       0x37 lib/orangescrt.a(lseek.o)
                0x000000000000d949                lseek
 .text          0x000000000000d980       0x46 lib/orangescrt.a(getpid.o)
                0x000000000000d980                getpid
 .text          0x000000000000d9c6       0x63 lib/orangescrt.a(stat.o)
                0x000000000000d9c6                stat
 .text          0x000000000000da29       0x66 lib/orangescrt.a(fork.o)
                0x000000000000da29                fork
 .text          0x000000000000da8f       0x3c lib/orangescrt.a(wait.o)
                0x000000000000da8f                wait
 .text          0x000000000000dacb      0x237 lib/orangescrt.a(exec.o)
                0x000000000000dacb                exec
                0x000000000000db36                execl
                0x000000000000db5b                execv
 *fill*         0x000000000000dd02        0xe 
 .text          0x000000000000dd10       0x28 lib/orangescrt.a(syscall.o)
                0x000000000000dd10                sendrec
                0x000000000000dd2a                printx
 *(.gnu.warning)

.fini
 *(SORT(.fini))
                [!provide]                        PROVIDE (__etext, .)
                [!provide]                        PROVIDE (_etext, .)
                [!provide]                        PROVIDE (etext, .)

.rodata         0x000000000000dd40     0x2d9b
 *(.rodata .rodata.* .gnu.linkonce.r.*)
 .rodata        0x000000000000dd40       0x47 kernel/start.o
 *fill*         0x000000000000dd87        0x1 
 .rodata        0x000000000000dd88      0x832 kernel/main.o
 *fill*         0x000000000000e5ba        0x2 
 .rodata        0x000000000000e5bc       0x64 kernel/keyboard.o
 .rodata        0x000000000000e620      0x170 kernel/tty.o
 .rodata        0x000000000000e790       0x5b kernel/console.o
 .rodata        0x000000000000e7eb       0x11 kernel/i8259.o
 .rodata        0x000000000000e7fc       0x10 kernel/global.o
                0x000000000000e7fc                FSBUF_SIZE
                0x000000000000e800                MMBUF_SIZE
                0x000000000000e804                LOGBUF_SIZE
                0x000000000000e808                LOGDISKBUF_SIZE
 *fill*         0x000000000000e80c       0x14 
 .rodata        0x000000000000e820      0x580 kernel/protect.o
 .rodata        0x000000000000eda0      0x5da kernel/proc.o
 *fill*         0x000000000000f37a        0x2 
 .rodata        0x000000000000f37c      0x15c kernel/hd.o
 .rodata        0x000000000000f4d8       0x6a kernel/klib.o
 .rodata        0x000000000000f542       0x1e lib/syslog.o
 .rodata        0x000000000000f560       0xb1 mm/main.o
 *fill*         0x000000000000f611        0x3 
 .rodata        0x000000000000f614       0xe7 mm/forkexit.o
 *fill*         0x000000000000f6fb        0x1 
 .rodata        0x000000000000f6fc       0xa4 mm/exec.o
 .rodata        0x000000000000f7a0      0x2ea fs/main.o
 *fill*         0x000000000000fa8a        0x2 
 .rodata        0x000000000000fa8c      0x1ad fs/open.o
 *fill*         0x000000000000fc39        0x3 
 .rodata        0x000000000000fc3c       0xe9 fs/misc.o
 *fill*         0x000000000000fd25        0x3 
 .rodata        0x000000000000fd28      0x164 fs/read_write.o
 .rodata        0x000000000000fe8c      0x1ad fs/link.o
 *fill*         0x0000000000010039        0x3 
 .rodata        0x000000000001003c      0x806 fs/disklog.o
 .rodata        0x0000000000010842       0x14 lib/orangescrt.a(printf.o)
 *fill*         0x0000000000010856        0x2 
 .rodata        0x0000000000010858       0xd4 lib/orangescrt.a(vsprintf.o)
 .rodata        0x000000000001092c       0xad lib/orangescrt.a(misc.o)
 .rodata        0x00000000000109d9       0x25 lib/orangescrt.a(getpid.o)
 .rodata        0x00000000000109fe       0x23 lib/orangescrt.a(stat.o)
 .rodata        0x0000000000010a21       0x33 lib/orangescrt.a(fork.o)
 .rodata        0x0000000000010a54       0x87 lib/orangescrt.a(exec.o)

.rodata1
 *(.rodata1)

.eh_frame_hdr
 *(.eh_frame_hdr)
 *(.eh_frame_entry .eh_frame_entry.*)

.eh_frame       0x0000000000010adc     0x1340
 *(.eh_frame)
 .eh_frame      0x0000000000010adc       0x38 kernel/start.o
 .eh_frame      0x0000000000010b14      0x108 kernel/main.o
                                        0x120 (size before relaxing)
 .eh_frame      0x0000000000010c1c       0x60 kernel/clock.o
                                         0x78 (size before relaxing)
 .eh_frame      0x0000000000010c7c       0xe0 kernel/keyboard.o
                                         0xf8 (size before relaxing)
 .eh_frame      0x0000000000010d5c      0x15c kernel/tty.o
                                        0x174 (size before relaxing)
 .eh_frame      0x0000000000010eb8      0x144 kernel/console.o
                                        0x15c (size before relaxing)
 .eh_frame      0x0000000000010ffc       0x60 kernel/i8259.o
                                         0x78 (size before relaxing)
 .eh_frame      0x000000000001105c       0xb0 kernel/protect.o
                                         0xc8 (size before relaxing)
 .eh_frame      0x000000000001110c      0x1b8 kernel/proc.o
                                        0x1d0 (size before relaxing)
 .eh_frame      0x00000000000112c4       0x5c kernel/systask.o
                                         0x74 (size before relaxing)
 .eh_frame      0x0000000000011320      0x1c8 kernel/hd.o
                                        0x1e0 (size before relaxing)
 .eh_frame      0x00000000000114e8       0xa0 kernel/klib.o
                                         0xb8 (size before relaxing)
 .eh_frame      0x0000000000011588       0x20 lib/syslog.o
                                         0x38 (size before relaxing)
 .eh_frame      0x00000000000115a8       0x7c mm/main.o
                                         0x94 (size before relaxing)
 .eh_frame      0x0000000000011624       0x90 mm/forkexit.o
                                         0xa8 (size before relaxing)
 .eh_frame      0x00000000000116b4       0x2c mm/exec.o
                                         0x44 (size before relaxing)
 .eh_frame      0x00000000000116e0      0x170 fs/main.o
                                        0x188 (size before relaxing)
 .eh_frame      0x0000000000011850      0x120 fs/open.o
                                        0x138 (size before relaxing)
 .eh_frame      0x0000000000011970       0xac fs/misc.o
                                         0xc4 (size before relaxing)
 .eh_frame      0x0000000000011a1c       0x2c fs/read_write.o
                                         0x44 (size before relaxing)
 .eh_frame      0x0000000000011a48       0x2c fs/link.o
                                         0x44 (size before relaxing)
 .eh_frame      0x0000000000011a74       0x60 fs/disklog.o
                                         0x78 (size before relaxing)
 .eh_frame      0x0000000000011ad4       0x40 lib/orangescrt.a(printf.o)
                                         0x58 (size before relaxing)
 .eh_frame      0x0000000000011b14       0xcc lib/orangescrt.a(vsprintf.o)
                                         0xe4 (size before relaxing)
 .eh_frame      0x0000000000011be0       0xbc lib/orangescrt.a(misc.o)
                                         0xd4 (size before relaxing)
 .eh_frame      0x0000000000011c9c       0x20 lib/orangescrt.a(open.o)
                                         0x38 (size before relaxing)
 .eh_frame      0x0000000000011cbc       0x20 lib/orangescrt.a(read.o)
                                         0x38 (size before relaxing)
 .eh_frame      0x0000000000011cdc       0x20 lib/orangescrt.a(write.o)
                                         0x38 (size before relaxing)
 .eh_frame      0x0000000000011cfc       0x20 lib/orangescrt.a(close.o)
                                         0x38 (size before relaxing)
 .eh_frame      0x0000000000011d1c       0x20 lib/orangescrt.a(lseek.o)
                                         0x38 (size before relaxing)
 .eh_frame      0x0000000000011d3c       0x20 lib/orangescrt.a(getpid.o)
                                         0x38 (size before relaxing)
 .eh_frame      0x0000000000011d5c       0x20 lib/orangescrt.a(stat.o)
                                         0x38 (size before relaxing)
 .eh_frame      0x0000000000011d7c       0x20 lib/orangescrt.a(fork.o)
                                         0x38 (size before relaxing)
 .eh_frame      0x0000000000011d9c       0x20 lib/orangescrt.a(wait.o)
                                         0x38 (size before relaxing)
 .eh_frame      0x0000000000011dbc       0x60 lib/orangescrt.a(exec.o)
                                         0x78 (size before relaxing)
 *(.eh_frame.*)

.gcc_except_table
 *(.gcc_except_table .gcc_except_table.*)

.gnu_extab
 *(.gnu_extab*)

.exception_ranges
 *(.exception_ranges .exception_ranges*)
                0x0000000000012000                . = DATA_SEGMENT_ALIGN (0x1000, 0x1000)

.eh_frame
 *(.eh_frame)
 *(.eh_frame.*)

.gnu_extab
 *(.gnu_extab)

.gcc_except_table
 *(.gcc_except_table .gcc_except_table.*)

.exception_ranges
 *(.exception_ranges .exception_ranges*)

.tdata
 *(.tdata .tdata.* .gnu.linkonce.td.*)

.tbss
 *(.tbss .tbss.* .gnu.linkonce.tb.*)
 *(.tcommon)

.preinit_array  0x0000000000012000        0x0
                [!provide]                        PROVIDE (__preinit_array_start, .)
 *(.preinit_array)
                [!provide]                        PROVIDE (__preinit_array_end, .)

.init_array     0x0000000000012000        0x0
                [!provide]                        PROVIDE (__init_array_start, .)
 *(SORT(.init_array.*) SORT(.ctors.*))
 *(.init_array EXCLUDE_FILE(*crtend?.o *crtend.o *crtbegin?.o *crtbegin.o) .ctors)
                [!provide]                        PROVIDE (__init_array_end, .)

.fini_array     0x0000000000012000        0x0
                [!provide]                        PROVIDE (__fini_array_start, .)
 *(SORT(.fini_array.*) SORT(.dtors.*))
 *(.fini_array EXCLUDE_FILE(*crtend?.o *crtend.o *crtbegin?.o *crtbegin.o) .dtors)
                [!provide]                        PROVIDE (__fini_array_end, .)

.ctors
 *crtbegin.o(.ctors)
 *crtbegin?.o(.ctors)
 *(EXCLUDE_FILE(*crtend?.o *crtend.o) .ctors)
 *(SORT(.ctors.*))
 *(.ctors)

.dtors
 *crtbegin.o(.dtors)
 *crtbegin?.o(.dtors)
 *(EXCLUDE_FILE(*crtend?.o *crtend.o) .dtors)
 *(SORT(.dtors.*))
 *(.dtors)

.jcr
 *(.jcr)

.data.rel.ro
 *(.data.rel.ro.local* .gnu.linkonce.d.rel.ro.local.*)
 *(.data.rel.ro .data.rel.ro.* .gnu.linkonce.d.rel.ro.*)

.dynamic
 *(.dynamic)

.got
 *(.got)
 *(.igot)
                0x0000000000012000                . = DATA_SEGMENT_RELRO_END (., (SIZEOF (.got.plt) >= 0xc)?0xc:0x0)

.got.plt        0x0000000000012000        0x0
 *(.got.plt)
 *(.igot.plt)
 .igot.plt      0x0000000000012000        0x0 kernel/kernel.o

.data           0x0000000000012000      0x834
 *(.data .data.* .gnu.linkonce.d.*)
 .data          0x0000000000012000        0x2 kernel/kernel.o
 .data          0x0000000000012002        0x0 kernel/start.o
 .data          0x0000000000012002        0x0 kernel/main.o
 .data          0x0000000000012002        0x0 kernel/clock.o
 *fill*         0x0000000000012002       0x1e 
 .data          0x0000000000012020      0x600 kernel/keyboard.o
                0x0000000000012020                keymap
 .data          0x0000000000012620       0x42 kernel/tty.o
 .data          0x0000000000012662        0x0 kernel/console.o
 .data          0x0000000000012662        0x0 kernel/i8259.o
 *fill*         0x0000000000012662       0x1e 
 .data          0x0000000000012680      0x1b4 kernel/global.o
                0x0000000000012680                task_table
                0x0000000000012760                user_proc_table
                0x0000000000012800                sys_call_table
                0x000000000001280c                dd_map
                0x0000000000012824                fsbuf
                0x0000000000012828                mmbuf
                0x000000000001282c                logbuf
                0x0000000000012830                logdiskbuf
 .data          0x0000000000012834        0x0 kernel/protect.o
 .data          0x0000000000012834        0x0 kernel/proc.o
 .data          0x0000000000012834        0x0 kernel/systask.o
 .data          0x0000000000012834        0x0 kernel/hd.o
 .data          0x0000000000012834        0x0 kernel/klib.o
 .data          0x0000000000012834        0x0 lib/syslog.o
 .data          0x0000000000012834        0x0 mm/main.o
 .data          0x0000000000012834        0x0 mm/forkexit.o
 .data          0x0000000000012834        0x0 mm/exec.o
 .data          0x0000000000012834        0x0 fs/main.o
 .data          0x0000000000012834        0x0 fs/open.o
 .data          0x0000000000012834        0x0 fs/misc.o
 .data          0x0000000000012834        0x0 fs/read_write.o
 .data          0x0000000000012834        0x0 fs/link.o
 .data          0x0000000000012834        0x0 fs/disklog.o
 .data          0x0000000000012834        0x0 lib/orangescrt.a(printf.o)
 .data          0x0000000000012834        0x0 lib/orangescrt.a(vsprintf.o)
 .data          0x0000000000012834        0x0 lib/orangescrt.a(misc.o)
 .data          0x0000000000012834        0x0 lib/orangescrt.a(open.o)
 .data          0x0000000000012834        0x0 lib/orangescrt.a(read.o)
 .data          0x0000000000012834        0x0 lib/orangescrt.a(write.o)
 .data          0x0000000000012834        0x0 lib/orangescrt.a(close.o)
 .data          0x0000000000012834        0x0 lib/orangescrt.a(lseek.o)
 .data          0x0000000000012834        0x0 lib/orangescrt.a(getpid.o)
 .data          0x0000000000012834        0x0 lib/orangescrt.a(stat.o)
 .data          0x0000000000012834        0x0 lib/orangescrt.a(fork.o)
 .data          0x0000000000012834        0x0 lib/orangescrt.a(wait.o)
 .data          0x0000000000012834        0x0 lib/orangescrt.a(exec.o)

.data1
 *(.data1)
                0x0000000000012834                _edata = .
                [!provide]                        PROVIDE (edata, .)
                0x0000000000012834                . = .
                0x0000000000012834                __bss_start = .

.bss            0x0000000000012840    0x2b7a8
 *(.dynbss)
 *(.bss .bss.* .gnu.linkonce.b.*)
 .bss           0x0000000000012840      0x800 kernel/kernel.o
 .bss           0x0000000000013040        0x0 kernel/start.o
 .bss           0x0000000000013040        0x0 kernel/main.o
 .bss           0x0000000000013040        0x0 kernel/clock.o
 .bss           0x0000000000013040       0x2c kernel/keyboard.o
 .bss           0x000000000001306c        0x0 kernel/tty.o
 .bss           0x000000000001306c        0x0 kernel/console.o
 .bss           0x000000000001306c        0x0 kernel/i8259.o
 .bss           0x000000000001306c        0x0 kernel/global.o
 .bss           0x000000000001306c        0x0 kernel/protect.o
 .bss           0x000000000001306c        0x0 kernel/proc.o
 .bss           0x000000000001306c        0x0 kernel/systask.o
 *fill*         0x000000000001306c       0x14 
 .bss           0x0000000000013080      0x64c kernel/hd.o
 .bss           0x00000000000136cc        0x0 kernel/klib.o
 .bss           0x00000000000136cc        0x0 lib/syslog.o
 .bss           0x00000000000136cc        0x0 mm/main.o
 .bss           0x00000000000136cc        0x0 mm/forkexit.o
 .bss           0x00000000000136cc        0x0 mm/exec.o
 .bss           0x00000000000136cc        0x0 fs/main.o
 .bss           0x00000000000136cc        0x0 fs/open.o
 .bss           0x00000000000136cc        0x0 fs/misc.o
 .bss           0x00000000000136cc        0x0 fs/read_write.o
 .bss           0x00000000000136cc        0x0 fs/link.o
 *fill*         0x00000000000136cc       0x14 
 .bss           0x00000000000136e0      0x208 fs/disklog.o
 .bss           0x00000000000138e8        0x0 lib/orangescrt.a(printf.o)
 .bss           0x00000000000138e8        0x4 lib/orangescrt.a(vsprintf.o)
                0x00000000000138e8                __res
 .bss           0x00000000000138ec        0x0 lib/orangescrt.a(misc.o)
 .bss           0x00000000000138ec        0x0 lib/orangescrt.a(open.o)
 .bss           0x00000000000138ec        0x0 lib/orangescrt.a(read.o)
 .bss           0x00000000000138ec        0x0 lib/orangescrt.a(write.o)
 .bss           0x00000000000138ec        0x0 lib/orangescrt.a(close.o)
 .bss           0x00000000000138ec        0x0 lib/orangescrt.a(lseek.o)
 .bss           0x00000000000138ec        0x0 lib/orangescrt.a(getpid.o)
 .bss           0x00000000000138ec        0x0 lib/orangescrt.a(stat.o)
 .bss           0x00000000000138ec        0x0 lib/orangescrt.a(fork.o)
 .bss           0x00000000000138ec        0x0 lib/orangescrt.a(wait.o)
 .bss           0x00000000000138ec        0x0 lib/orangescrt.a(exec.o)
 *(COMMON)
 *fill*         0x00000000000138ec       0x14 
 COMMON         0x0000000000013900       0x2c kernel/keyboard.o
                0x0000000000013900                kb_in
 *fill*         0x000000000001392c       0x14 
 COMMON         0x0000000000013940    0x2a698 kernel/global.o
                0x0000000000013940                idt_ptr
                0x0000000000013960                inode_table
                0x0000000000014460                task_stack
                0x0000000000038460                k_reenter
                0x0000000000038480                gdt
                0x0000000000038880                current_console
                0x0000000000038884                pcaller
                0x00000000000388a0                tty_table
                0x0000000000039520                tss
                0x00000000000395a0                fs_msg
                0x00000000000395d4                memory_size
                0x00000000000395e0                f_desc_table
                0x00000000000399e0                root_inode
                0x00000000000399e4                disp_pos
                0x0000000000039a00                mm_msg
                0x0000000000039a34                key_pressed
                0x0000000000039a38                gdt_ptr
                0x0000000000039a40                idt
                0x000000000003a240                super_block
                0x000000000003a420                ticks
                0x000000000003a440                console_table
                0x000000000003a480                irq_table
                0x000000000003a4c0                p_proc_ready
                0x000000000003a4e0                proc_table
 COMMON         0x000000000003dfd8       0x10 kernel/hd.o
                0x000000000003dfd8                PARTITION_ENTRY
                0x000000000003dfe8                . = ALIGN ((. != 0x0)?0x4:0x1)
                0x000000000003dfe8                . = ALIGN (0x4)
                0x000000000003dfe8                . = SEGMENT_START ("ldata-segment", .)
                0x000000000003dfe8                . = ALIGN (0x4)
                0x000000000003dfe8                _end = .
                [!provide]                        PROVIDE (end, .)
                0x000000000003dfe8                . = DATA_SEGMENT_END (.)

.stab
 *(.stab)

.stabstr
 *(.stabstr)

.stab.excl
 *(.stab.excl)

.stab.exclstr
 *(.stab.exclstr)

.stab.index
 *(.stab.index)

.stab.indexstr
 *(.stab.indexstr)

.comment        0x0000000000000000       0x34
 *(.comment)
 .comment       0x0000000000000000       0x34 kernel/start.o
                                         0x35 (size before relaxing)
 .comment       0x0000000000000034       0x35 kernel/main.o
 .comment       0x0000000000000034       0x35 kernel/clock.o
 .comment       0x0000000000000034       0x35 kernel/keyboard.o
 .comment       0x0000000000000034       0x35 kernel/tty.o
 .comment       0x0000000000000034       0x35 kernel/console.o
 .comment       0x0000000000000034       0x35 kernel/i8259.o
 .comment       0x0000000000000034       0x35 kernel/global.o
 .comment       0x0000000000000034       0x35 kernel/protect.o
 .comment       0x0000000000000034       0x35 kernel/proc.o
 .comment       0x0000000000000034       0x35 kernel/systask.o
 .comment       0x0000000000000034       0x35 kernel/hd.o
 .comment       0x0000000000000034       0x35 kernel/klib.o
 .comment       0x0000000000000034       0x35 lib/syslog.o
 .comment       0x0000000000000034       0x35 mm/main.o
 .comment       0x0000000000000034       0x35 mm/forkexit.o
 .comment       0x0000000000000034       0x35 mm/exec.o
 .comment       0x0000000000000034       0x35 fs/main.o
 .comment       0x0000000000000034       0x35 fs/open.o
 .comment       0x0000000000000034       0x35 fs/misc.o
 .comment       0x0000000000000034       0x35 fs/read_write.o
 .comment       0x0000000000000034       0x35 fs/link.o
 .comment       0x0000000000000034       0x35 fs/disklog.o
 .comment       0x0000000000000034       0x35 lib/orangescrt.a(printf.o)
 .comment       0x0000000000000034       0x35 lib/orangescrt.a(vsprintf.o)
 .comment       0x0000000000000034       0x35 lib/orangescrt.a(misc.o)
 .comment       0x0000000000000034       0x35 lib/orangescrt.a(open.o)
 .comment       0x0000000000000034       0x35 lib/orangescrt.a(read.o)
 .comment       0x0000000000000034       0x35 lib/orangescrt.a(write.o)
 .comment       0x0000000000000034       0x35 lib/orangescrt.a(close.o)
 .comment       0x0000000000000034       0x35 lib/orangescrt.a(lseek.o)
 .comment       0x0000000000000034       0x35 lib/orangescrt.a(getpid.o)
 .comment       0x0000000000000034       0x35 lib/orangescrt.a(stat.o)
 .comment       0x0000000000000034       0x35 lib/orangescrt.a(fork.o)
 .comment       0x0000000000000034       0x35 lib/orangescrt.a(wait.o)
 .comment       0x0000000000000034       0x35 lib/orangescrt.a(exec.o)

.debug
 *(.debug)

.line
 *(.line)

.debug_srcinfo
 *(.debug_srcinfo)

.debug_sfnames
 *(.debug_sfnames)

.debug_aranges
 *(.debug_aranges)

.debug_pubnames
 *(.debug_pubnames)

.debug_info
 *(.debug_info .gnu.linkonce.wi.*)

.debug_abbrev
 *(.debug_abbrev)

.debug_line
 *(.debug_line .debug_line.* .debug_line_end)

.debug_frame
 *(.debug_frame)

.debug_str
 *(.debug_str)

.debug_loc
 *(.debug_loc)

.debug_macinfo
 *(.debug_macinfo)

.debug_weaknames
 *(.debug_weaknames)

.debug_funcnames
 *(.debug_funcnames)

.debug_typenames
 *(.debug_typenames)

.debug_varnames
 *(.debug_varnames)

.debug_pubtypes
 *(.debug_pubtypes)

.debug_ranges
 *(.debug_ranges)

.debug_macro
 *(.debug_macro)

.gnu.attributes
 *(.gnu.attributes)

/DISCARD/
 *(.note.GNU-stack)
 *(.gnu_debuglink)
 *(.gnu.lto_*)
OUTPUT(kernel.bin elf32-i386)
