Archive member included to satisfy reference by file (symbol)

lib/orangescrt.a(printf.o)    kernel/main.o (printf)
lib/orangescrt.a(vsprintf.o)  kernel/main.o (vsprintf)
lib/orangescrt.a(string.o)    kernel/start.o (memcpy)
lib/orangescrt.a(misc.o)      kernel/main.o (send_recv)
lib/orangescrt.a(open.o)      kernel/main.o (open)
lib/orangescrt.a(read.o)      kernel/main.o (read)
lib/orangescrt.a(write.o)     kernel/main.o (write)
lib/orangescrt.a(close.o)     kernel/main.o (close)
lib/orangescrt.a(lseek.o)     kernel/main.o (lseek)
lib/orangescrt.a(getpid.o)    kernel/main.o (getpid)
lib/orangescrt.a(stat.o)      mm/exec.o (stat)
lib/orangescrt.a(fork.o)      kernel/main.o (fork)
lib/orangescrt.a(wait.o)      kernel/main.o (wait)
lib/orangescrt.a(exec.o)      kernel/main.o (execv)
lib/orangescrt.a(syscall.o)   lib/orangescrt.a(misc.o) (sendrec)

Allocating common symbols
Common symbol       size              file

idt_ptr             0x6               kernel/global.o
inode_table         0xb00             kernel/global.o
task_stack          0x24000           kernel/global.o
k_reenter           0x4               kernel/global.o
gdt                 0x400             kernel/global.o
current_console     0x4               kernel/global.o
pcaller             0x4               kernel/global.o
tty_table           0xc6c             kernel/global.o
tss                 0x68              kernel/global.o
fs_msg              0x34              kernel/global.o
memory_size         0x4               kernel/global.o
f_desc_table        0x400             kernel/global.o
root_inode          0x4               kernel/global.o
disp_pos            0x4               kernel/global.o
mm_msg              0x34              kernel/global.o
key_pressed         0x4               kernel/global.o
gdt_ptr             0x6               kernel/global.o
idt                 0x800             kernel/global.o
super_block         0x1e0             kernel/global.o
PARTITION_ENTRY     0x10              kernel/hd.o
ticks               0x4               kernel/global.o
console_table       0x3c              kernel/global.o
irq_table           0x40              kernel/global.o
p_proc_ready        0x4               kernel/global.o
proc_table          0x3af8            kernel/global.o
kb_in               0x2c              kernel/keyboard.o

Discarded input sections

 .note.GNU-stack
                0x0000000000000000        0x0 kernel/start.o
 .note.GNU-stack
                0x0000000000000000        0x0 kernel/main.o
 .note.GNU-stack
                0x0000000000000000        0x0 kernel/clock.o
 .note.GNU-stack
                0x0000000000000000        0x0 kernel/keyboard.o
 .note.GNU-stack
                0x0000000000000000        0x0 kernel/tty.o
 .note.GNU-stack
                0x0000000000000000        0x0 kernel/console.o
 .note.GNU-stack
                0x0000000000000000        0x0 kernel/i8259.o
 .note.GNU-stack
                0x0000000000000000        0x0 kernel/global.o
 .note.GNU-stack
                0x0000000000000000        0x0 kernel/protect.o
 .note.GNU-stack
                0x0000000000000000        0x0 kernel/proc.o
 .note.GNU-stack
                0x0000000000000000        0x0 kernel/systask.o
 .note.GNU-stack
                0x0000000000000000        0x0 kernel/hd.o
 .note.GNU-stack
                0x0000000000000000        0x0 kernel/klib.o
 .note.GNU-stack
                0x0000000000000000        0x0 lib/syslog.o
 .note.GNU-stack
                0x0000000000000000        0x0 mm/main.o
 .note.GNU-stack
                0x0000000000000000        0x0 mm/forkexit.o
 .note.GNU-stack
                0x0000000000000000        0x0 mm/exec.o
 .note.GNU-stack
                0x0000000000000000        0x0 fs/main.o
 .note.GNU-stack
                0x0000000000000000        0x0 fs/open.o
 .note.GNU-stack
                0x0000000000000000        0x0 fs/misc.o
 .note.GNU-stack
                0x0000000000000000        0x0 fs/read_write.o
 .note.GNU-stack
                0x0000000000000000        0x0 fs/link.o
 .note.GNU-stack
                0x0000000000000000        0x0 fs/disklog.o
 .note.GNU-stack
                0x0000000000000000        0x0 lib/orangescrt.a(printf.o)
 .note.GNU-stack
                0x0000000000000000        0x0 lib/orangescrt.a(vsprintf.o)
 .note.GNU-stack
                0x0000000000000000        0x0 lib/orangescrt.a(misc.o)
 .note.GNU-stack
                0x0000000000000000        0x0 lib/orangescrt.a(open.o)
 .note.GNU-stack
                0x0000000000000000        0x0 lib/orangescrt.a(read.o)
 .note.GNU-stack
                0x0000000000000000        0x0 lib/orangescrt.a(write.o)
 .note.GNU-stack
                0x0000000000000000        0x0 lib/orangescrt.a(close.o)
 .note.GNU-stack
                0x0000000000000000        0x0 lib/orangescrt.a(lseek.o)
 .note.GNU-stack
                0x0000000000000000        0x0 lib/orangescrt.a(getpid.o)
 .note.GNU-stack
                0x0000000000000000        0x0 lib/orangescrt.a(stat.o)
 .note.GNU-stack
                0x0000000000000000        0x0 lib/orangescrt.a(fork.o)
 .note.GNU-stack
                0x0000000000000000        0x0 lib/orangescrt.a(wait.o)
 .note.GNU-stack
                0x0000000000000000        0x0 lib/orangescrt.a(exec.o)

Memory Configuration

Name             Origin             Length             Attributes
*default*        0x0000000000000000 0xffffffffffffffff

Linker script and memory map

Address of section .text set to 0x1000
LOAD kernel/kernel.o
LOAD kernel/start.o
LOAD kernel/main.o
LOAD kernel/clock.o
LOAD kernel/keyboard.o
LOAD kernel/tty.o
LOAD kernel/console.o
LOAD kernel/i8259.o
LOAD kernel/global.o
LOAD kernel/protect.o
LOAD kernel/proc.o
LOAD kernel/systask.o
LOAD kernel/hd.o
LOAD kernel/kliba.o
LOAD kernel/klib.o
LOAD lib/syslog.o
LOAD mm/main.o
LOAD mm/forkexit.o
LOAD mm/exec.o
LOAD fs/main.o
LOAD fs/open.o
LOAD fs/misc.o
LOAD fs/read_write.o
LOAD fs/link.o
LOAD fs/disklog.o
LOAD lib/orangescrt.a
                [!provide]                        PROVIDE (__executable_start, 0x8048000)
                0x0000000008048094                . = (0x8048000 + SIZEOF_HEADERS)

.interp
 *(.interp)

.note.gnu.build-id
 *(.note.gnu.build-id)

.hash
 *(.hash)

.gnu.hash
 *(.gnu.hash)

.dynsym
 *(.dynsym)

.dynstr
 *(.dynstr)

.gnu.version
 *(.gnu.version)

.gnu.version_d
 *(.gnu.version_d)

.gnu.version_r
 *(.gnu.version_r)

.rel.dyn        0x0000000008048094        0x0
 *(.rel.init)
 *(.rel.text .rel.text.* .rel.gnu.linkonce.t.*)
 .rel.text      0x0000000008048094        0x0 kernel/kernel.o
 *(.rel.fini)
 *(.rel.rodata .rel.rodata.* .rel.gnu.linkonce.r.*)
 *(.rel.data.rel.ro .rel.data.rel.ro.* .rel.gnu.linkonce.d.rel.ro.*)
 *(.rel.data .rel.data.* .rel.gnu.linkonce.d.*)
 .rel.data      0x0000000008048094        0x0 kernel/kernel.o
 *(.rel.tdata .rel.tdata.* .rel.gnu.linkonce.td.*)
 *(.rel.tbss .rel.tbss.* .rel.gnu.linkonce.tb.*)
 *(.rel.ctors)
 *(.rel.dtors)
 *(.rel.got)
 *(.rel.bss .rel.bss.* .rel.gnu.linkonce.b.*)
 *(.rel.ifunc)

.rel.plt        0x0000000008048094        0x0
 *(.rel.plt)
                [!provide]                        PROVIDE (__rel_iplt_start, .)
 *(.rel.iplt)
 .rel.iplt      0x0000000008048094        0x0 kernel/kernel.o
                [!provide]                        PROVIDE (__rel_iplt_end, .)

.init
 *(SORT(.init))

.plt            0x00000000080480a0        0x0
 *(.plt)
 *(.iplt)
 .iplt          0x00000000080480a0        0x0 kernel/kernel.o

.plt.got
 *(.plt.got)

.text           0x0000000000001000     0xbf98
 *(.text.unlikely .text.*_unlikely .text.unlikely.*)
 *(.text.exit .text.exit.*)
 *(.text.startup .text.startup.*)
 *(.text.hot .text.hot.*)
 *(.text .stub .text.* .gnu.linkonce.t.*)
 .text          0x0000000000001000      0x410 kernel/kernel.o
                0x0000000000001000                _start
                0x0000000000001040                hwint00
                0x0000000000001070                hwint01
                0x00000000000010a0                hwint02
                0x00000000000010d0                hwint03
                0x0000000000001100                hwint04
                0x0000000000001130                hwint05
                0x0000000000001160                hwint06
                0x0000000000001190                hwint07
                0x00000000000011c0                hwint08
                0x00000000000011f0                hwint09
                0x0000000000001220                hwint10
                0x0000000000001250                hwint11
                0x0000000000001280                hwint12
                0x00000000000012b0                hwint13
                0x00000000000012e0                hwint14
                0x0000000000001310                hwint15
                0x0000000000001334                divide_error
                0x000000000000133a                single_step_exception
                0x0000000000001340                nmi
                0x0000000000001346                breakpoint_exception
                0x000000000000134c                overflow
                0x0000000000001352                bounds_check
                0x0000000000001358                inval_opcode
                0x000000000000135e                copr_not_available
                0x0000000000001364                double_fault
                0x0000000000001368                copr_seg_overrun
                0x000000000000136e                inval_tss
                0x0000000000001372                segment_not_present
                0x0000000000001376                stack_exception
                0x000000000000137a                general_protection
                0x000000000000137e                page_fault
                0x0000000000001382                copr_error
                0x00000000000013cb                sys_call
                0x00000000000013eb                restart
 .text          0x0000000000001410       0x95 kernel/start.o
                0x0000000000001410                cstart
 .text          0x00000000000014a5      0x9ff kernel/main.o
                0x00000000000014a5                kernel_main
                0x00000000000017c0                get_ticks
                0x00000000000017f4                untar
                0x0000000000001a9e                shabby_shell
                0x0000000000001ca6                Init
                0x0000000000001e13                TestA
                0x0000000000001e2b                TestB
                0x0000000000001e43                TestC
                0x0000000000001e5b                panic
 .text          0x0000000000001ea4      0x10d kernel/clock.o
                0x0000000000001ea4                clock_handler
                0x0000000000001f1f                milli_delay
                0x0000000000001f59                init_clock
 .text          0x0000000000001fb1      0x6da kernel/keyboard.o
                0x0000000000001fb1                keyboard_handler
                0x000000000000201b                init_keyboard
                0x00000000000020ca                keyboard_read
 .text          0x000000000000268b      0xb40 kernel/tty.o
                0x000000000000268b                task_tty
                0x000000000000287c                in_process
                0x0000000000002e4f                sys_printx
                0x0000000000002fee                dump_tty_buf
 .text          0x00000000000031cb      0x876 kernel/console.o
                0x00000000000031cb                init_screen
                0x0000000000003356                out_char
                0x0000000000003680                is_current_console
                0x0000000000003773                select_console
                0x00000000000037b3                scroll_screen
                0x00000000000039d2                flush
 .text          0x0000000000003a41      0x130 kernel/i8259.o
                0x0000000000003a41                init_8259A
                0x0000000000003b16                spurious_irq
                0x0000000000003b4d                put_irq_handler
 .text          0x0000000000003b71        0x0 kernel/global.o
 .text          0x0000000000003b71      0x65f kernel/protect.o
                0x0000000000003b71                init_prot
                0x0000000000003fd9                seg2linear
                0x0000000000004028                init_desc
                0x0000000000004095                exception_handler
 .text          0x00000000000041d0     0x15f5 kernel/proc.o
                0x00000000000041d0                schedule
                0x000000000000425c                sys_sendrec
                0x000000000000437c                ldt_seg_linear
                0x00000000000043c6                va2la
                0x0000000000004427                reset_msg
                0x000000000000520c                inform_int
                0x000000000000537c                dump_proc
                0x00000000000056b8                dump_msg
 .text          0x00000000000057c5      0x2f1 kernel/systask.o
                0x00000000000057c5                task_sys
 .text          0x0000000000005ab6      0xd1e kernel/hd.o
                0x0000000000005ab6                task_hd
                0x00000000000067a9                hd_handler
 *fill*         0x00000000000067d4        0xc 
 .text          0x00000000000067e0      0x19a kernel/kliba.o
                0x00000000000067e0                disp_str
                0x000000000000681e                disp_color_str
                0x000000000000685d                out_byte
                0x0000000000006869                in_byte
                0x0000000000006873                port_read
                0x0000000000006886                port_write
                0x0000000000006899                disable_irq
                0x00000000000068ce                enable_irq
                0x00000000000068ed                disable_int
                0x00000000000068ef                enable_int
                0x00000000000068f1                glitter
 .text          0x000000000000697a      0x2af kernel/klib.o
                0x000000000000697a                get_boot_params
                0x0000000000006a00                get_kernel_map
                0x0000000000006b10                itoa
                0x0000000000006bbb                disp_int
                0x0000000000006be2                delay
 .text          0x0000000000006c29       0x6f lib/syslog.o
                0x0000000000006c29                syslog
 .text          0x0000000000006c98      0x1bc mm/main.o
                0x0000000000006c98                task_mm
                0x0000000000006dcf                alloc_mem
                0x0000000000006e4a                free_mem
 .text          0x0000000000006e54      0x5c0 mm/forkexit.o
                0x0000000000006e54                do_fork
                0x0000000000007195                do_exit
                0x000000000000735e                do_wait
 .text          0x0000000000007414      0x356 mm/exec.o
                0x0000000000007414                do_exec
 .text          0x000000000000776a     0x1116 fs/main.o
                0x000000000000776a                task_fs
                0x0000000000008265                rw_sector
                0x0000000000008488                get_super_block
                0x00000000000084ce                get_inode
                0x0000000000008631                put_inode
                0x000000000000866f                sync_inode
 .text          0x0000000000008880      0xb8a fs/open.o
                0x0000000000008880                do_open
                0x0000000000008da6                do_close
                0x0000000000008e21                do_lseek
 .text          0x000000000000940a      0x3b2 fs/misc.o
                0x000000000000940a                do_stat
                0x00000000000095db                search_file
                0x0000000000009731                strip_path
 .text          0x00000000000097bc      0x4b0 fs/read_write.o
                0x00000000000097bc                do_rdwt
 .text          0x0000000000009c6c      0x808 fs/link.o
                0x0000000000009c6c                do_unlink
 .text          0x000000000000a474     0x1fb8 fs/disklog.o
                0x000000000000a474                disklog
                0x000000000000a9e1                dump_fd_graph
 .text          0x000000000000c42c       0xad lib/orangescrt.a(printf.o)
                0x000000000000c42c                printf
                0x000000000000c497                printl
 .text          0x000000000000c4d9      0x305 lib/orangescrt.a(vsprintf.o)
                0x000000000000c537                vsprintf
                0x000000000000c7b8                sprintf
 *fill*         0x000000000000c7de        0x2 
 .text          0x000000000000c7e0       0x78 lib/orangescrt.a(string.o)
                0x000000000000c7e0                memcpy
                0x000000000000c809                memset
                0x000000000000c82a                strcpy
                0x000000000000c842                strlen
 .text          0x000000000000c858      0x256 lib/orangescrt.a(misc.o)
                0x000000000000c858                send_recv
                0x000000000000c912                memcmp
                0x000000000000c988                strcmp
                0x000000000000c9fb                strcat
                0x000000000000ca5a                spin
                0x000000000000ca75                assertion_failure
 .text          0x000000000000caae       0x63 lib/orangescrt.a(open.o)
                0x000000000000caae                open
 .text          0x000000000000cb11       0x37 lib/orangescrt.a(read.o)
                0x000000000000cb11                read
 .text          0x000000000000cb48       0x37 lib/orangescrt.a(write.o)
                0x000000000000cb48                write
 .text          0x000000000000cb7f       0x2b lib/orangescrt.a(close.o)
                0x000000000000cb7f                close
 .text          0x000000000000cbaa       0x37 lib/orangescrt.a(lseek.o)
                0x000000000000cbaa                lseek
 .text          0x000000000000cbe1       0x46 lib/orangescrt.a(getpid.o)
                0x000000000000cbe1                getpid
 .text          0x000000000000cc27       0x63 lib/orangescrt.a(stat.o)
                0x000000000000cc27                stat
 .text          0x000000000000cc8a       0x66 lib/orangescrt.a(fork.o)
                0x000000000000cc8a                fork
 .text          0x000000000000ccf0       0x3c lib/orangescrt.a(wait.o)
                0x000000000000ccf0                wait
 .text          0x000000000000cd2c      0x237 lib/orangescrt.a(exec.o)
                0x000000000000cd2c                exec
                0x000000000000cd97                execl
                0x000000000000cdbc                execv
 *fill*         0x000000000000cf63        0xd 
 .text          0x000000000000cf70       0x28 lib/orangescrt.a(syscall.o)
                0x000000000000cf70                sendrec
                0x000000000000cf8a                printx
 *(.gnu.warning)

.fini
 *(SORT(.fini))
                [!provide]                        PROVIDE (__etext, .)
                [!provide]                        PROVIDE (_etext, .)
                [!provide]                        PROVIDE (etext, .)

.rodata         0x000000000000cfa0     0x262b
 *(.rodata .rodata.* .gnu.linkonce.r.*)
 .rodata        0x000000000000cfa0       0x47 kernel/start.o
 *fill*         0x000000000000cfe7        0x1 
 .rodata        0x000000000000cfe8      0x1fa kernel/main.o
 *fill*         0x000000000000d1e2        0x2 
 .rodata        0x000000000000d1e4       0x64 kernel/keyboard.o
 .rodata        0x000000000000d248      0x170 kernel/tty.o
 .rodata        0x000000000000d3b8       0x5b kernel/console.o
 .rodata        0x000000000000d413       0x11 kernel/i8259.o
 .rodata        0x000000000000d424       0x10 kernel/global.o
                0x000000000000d424                FSBUF_SIZE
                0x000000000000d428                MMBUF_SIZE
                0x000000000000d42c                LOGBUF_SIZE
                0x000000000000d430                LOGDISKBUF_SIZE
 *fill*         0x000000000000d434        0xc 
 .rodata        0x000000000000d440      0x580 kernel/protect.o
 .rodata        0x000000000000d9c0      0x5da kernel/proc.o
 .rodata        0x000000000000df9a       0x11 kernel/systask.o
 *fill*         0x000000000000dfab        0x1 
 .rodata        0x000000000000dfac      0x15c kernel/hd.o
 .rodata        0x000000000000e108       0x6a kernel/klib.o
 .rodata        0x000000000000e172       0x1e lib/syslog.o
 .rodata        0x000000000000e190       0xb1 mm/main.o
 *fill*         0x000000000000e241        0x3 
 .rodata        0x000000000000e244       0xe7 mm/forkexit.o
 *fill*         0x000000000000e32b        0x1 
 .rodata        0x000000000000e32c       0xa4 mm/exec.o
 .rodata        0x000000000000e3d0      0x2ce fs/main.o
 *fill*         0x000000000000e69e        0x2 
 .rodata        0x000000000000e6a0      0x1c8 fs/open.o
 .rodata        0x000000000000e868       0x60 fs/misc.o
 .rodata        0x000000000000e8c8      0x164 fs/read_write.o
 .rodata        0x000000000000ea2c      0x1ad fs/link.o
 *fill*         0x000000000000ebd9        0x3 
 .rodata        0x000000000000ebdc      0x806 fs/disklog.o
 .rodata        0x000000000000f3e2       0x14 lib/orangescrt.a(printf.o)
 *fill*         0x000000000000f3f6        0x2 
 .rodata        0x000000000000f3f8       0xad lib/orangescrt.a(misc.o)
 .rodata        0x000000000000f4a5       0x23 lib/orangescrt.a(open.o)
 .rodata        0x000000000000f4c8       0x25 lib/orangescrt.a(getpid.o)
 .rodata        0x000000000000f4ed       0x23 lib/orangescrt.a(stat.o)
 .rodata        0x000000000000f510       0x33 lib/orangescrt.a(fork.o)
 *fill*         0x000000000000f543        0x1 
 .rodata        0x000000000000f544       0x87 lib/orangescrt.a(exec.o)

.rodata1
 *(.rodata1)

.eh_frame_hdr
 *(.eh_frame_hdr)
 *(.eh_frame_entry .eh_frame_entry.*)

.eh_frame       0x000000000000f5cc     0x1290
 *(.eh_frame)
 .eh_frame      0x000000000000f5cc       0x38 kernel/start.o
 .eh_frame      0x000000000000f604      0x108 kernel/main.o
                                        0x120 (size before relaxing)
 .eh_frame      0x000000000000f70c       0x60 kernel/clock.o
                                         0x78 (size before relaxing)
 .eh_frame      0x000000000000f76c       0xe0 kernel/keyboard.o
                                         0xf8 (size before relaxing)
 .eh_frame      0x000000000000f84c      0x15c kernel/tty.o
                                        0x174 (size before relaxing)
 .eh_frame      0x000000000000f9a8      0x144 kernel/console.o
                                        0x15c (size before relaxing)
 .eh_frame      0x000000000000faec       0x60 kernel/i8259.o
                                         0x78 (size before relaxing)
 .eh_frame      0x000000000000fb4c       0xb0 kernel/protect.o
                                         0xc8 (size before relaxing)
 .eh_frame      0x000000000000fbfc      0x1b8 kernel/proc.o
                                        0x1d0 (size before relaxing)
 .eh_frame      0x000000000000fdb4       0x5c kernel/systask.o
                                         0x74 (size before relaxing)
 .eh_frame      0x000000000000fe10      0x1c8 kernel/hd.o
                                        0x1e0 (size before relaxing)
 .eh_frame      0x000000000000ffd8       0xa0 kernel/klib.o
                                         0xb8 (size before relaxing)
 .eh_frame      0x0000000000010078       0x20 lib/syslog.o
                                         0x38 (size before relaxing)
 .eh_frame      0x0000000000010098       0x7c mm/main.o
                                         0x94 (size before relaxing)
 .eh_frame      0x0000000000010114       0x90 mm/forkexit.o
                                         0xa8 (size before relaxing)
 .eh_frame      0x00000000000101a4       0x2c mm/exec.o
                                         0x44 (size before relaxing)
 .eh_frame      0x00000000000101d0      0x170 fs/main.o
                                        0x188 (size before relaxing)
 .eh_frame      0x0000000000010340      0x120 fs/open.o
                                        0x138 (size before relaxing)
 .eh_frame      0x0000000000010460       0x68 fs/misc.o
                                         0x80 (size before relaxing)
 .eh_frame      0x00000000000104c8       0x2c fs/read_write.o
                                         0x44 (size before relaxing)
 .eh_frame      0x00000000000104f4       0x2c fs/link.o
                                         0x44 (size before relaxing)
 .eh_frame      0x0000000000010520       0x60 fs/disklog.o
                                         0x78 (size before relaxing)
 .eh_frame      0x0000000000010580       0x40 lib/orangescrt.a(printf.o)
                                         0x58 (size before relaxing)
 .eh_frame      0x00000000000105c0       0x60 lib/orangescrt.a(vsprintf.o)
                                         0x78 (size before relaxing)
 .eh_frame      0x0000000000010620       0xbc lib/orangescrt.a(misc.o)
                                         0xd4 (size before relaxing)
 .eh_frame      0x00000000000106dc       0x20 lib/orangescrt.a(open.o)
                                         0x38 (size before relaxing)
 .eh_frame      0x00000000000106fc       0x20 lib/orangescrt.a(read.o)
                                         0x38 (size before relaxing)
 .eh_frame      0x000000000001071c       0x20 lib/orangescrt.a(write.o)
                                         0x38 (size before relaxing)
 .eh_frame      0x000000000001073c       0x20 lib/orangescrt.a(close.o)
                                         0x38 (size before relaxing)
 .eh_frame      0x000000000001075c       0x20 lib/orangescrt.a(lseek.o)
                                         0x38 (size before relaxing)
 .eh_frame      0x000000000001077c       0x20 lib/orangescrt.a(getpid.o)
                                         0x38 (size before relaxing)
 .eh_frame      0x000000000001079c       0x20 lib/orangescrt.a(stat.o)
                                         0x38 (size before relaxing)
 .eh_frame      0x00000000000107bc       0x20 lib/orangescrt.a(fork.o)
                                         0x38 (size before relaxing)
 .eh_frame      0x00000000000107dc       0x20 lib/orangescrt.a(wait.o)
                                         0x38 (size before relaxing)
 .eh_frame      0x00000000000107fc       0x60 lib/orangescrt.a(exec.o)
                                         0x78 (size before relaxing)
 *(.eh_frame.*)

.gcc_except_table
 *(.gcc_except_table .gcc_except_table.*)

.gnu_extab
 *(.gnu_extab*)

.exception_ranges
 *(.exception_ranges .exception_ranges*)
                0x0000000000011000                . = DATA_SEGMENT_ALIGN (0x1000, 0x1000)

.eh_frame
 *(.eh_frame)
 *(.eh_frame.*)

.gnu_extab
 *(.gnu_extab)

.gcc_except_table
 *(.gcc_except_table .gcc_except_table.*)

.exception_ranges
 *(.exception_ranges .exception_ranges*)

.tdata
 *(.tdata .tdata.* .gnu.linkonce.td.*)

.tbss
 *(.tbss .tbss.* .gnu.linkonce.tb.*)
 *(.tcommon)

.preinit_array  0x0000000000011000        0x0
                [!provide]                        PROVIDE (__preinit_array_start, .)
 *(.preinit_array)
                [!provide]                        PROVIDE (__preinit_array_end, .)

.init_array     0x0000000000011000        0x0
                [!provide]                        PROVIDE (__init_array_start, .)
 *(SORT(.init_array.*) SORT(.ctors.*))
 *(.init_array EXCLUDE_FILE(*crtend?.o *crtend.o *crtbegin?.o *crtbegin.o) .ctors)
                [!provide]                        PROVIDE (__init_array_end, .)

.fini_array     0x0000000000011000        0x0
                [!provide]                        PROVIDE (__fini_array_start, .)
 *(SORT(.fini_array.*) SORT(.dtors.*))
 *(.fini_array EXCLUDE_FILE(*crtend?.o *crtend.o *crtbegin?.o *crtbegin.o) .dtors)
                [!provide]                        PROVIDE (__fini_array_end, .)

.ctors
 *crtbegin.o(.ctors)
 *crtbegin?.o(.ctors)
 *(EXCLUDE_FILE(*crtend?.o *crtend.o) .ctors)
 *(SORT(.ctors.*))
 *(.ctors)

.dtors
 *crtbegin.o(.dtors)
 *crtbegin?.o(.dtors)
 *(EXCLUDE_FILE(*crtend?.o *crtend.o) .dtors)
 *(SORT(.dtors.*))
 *(.dtors)

.jcr
 *(.jcr)

.data.rel.ro
 *(.data.rel.ro.local* .gnu.linkonce.d.rel.ro.local.*)
 *(.data.rel.ro .data.rel.ro.* .gnu.linkonce.d.rel.ro.*)

.dynamic
 *(.dynamic)

.got
 *(.got)
 *(.igot)
                0x0000000000011000                . = DATA_SEGMENT_RELRO_END (., (SIZEOF (.got.plt) >= 0xc)?0xc:0x0)

.got.plt        0x0000000000011000        0x0
 *(.got.plt)
 *(.igot.plt)
 .igot.plt      0x0000000000011000        0x0 kernel/kernel.o

.data           0x0000000000011000      0x834
 *(.data .data.* .gnu.linkonce.d.*)
 .data          0x0000000000011000        0x2 kernel/kernel.o
 .data          0x0000000000011002        0x0 kernel/start.o
 .data          0x0000000000011002        0x0 kernel/main.o
 .data          0x0000000000011002        0x0 kernel/clock.o
 *fill*         0x0000000000011002       0x1e 
 .data          0x0000000000011020      0x600 kernel/keyboard.o
                0x0000000000011020                keymap
 .data          0x0000000000011620       0x42 kernel/tty.o
 .data          0x0000000000011662        0x0 kernel/console.o
 .data          0x0000000000011662        0x0 kernel/i8259.o
 *fill*         0x0000000000011662       0x1e 
 .data          0x0000000000011680      0x1b4 kernel/global.o
                0x0000000000011680                task_table
                0x0000000000011760                user_proc_table
                0x0000000000011800                sys_call_table
                0x000000000001180c                dd_map
                0x0000000000011824                fsbuf
                0x0000000000011828                mmbuf
                0x000000000001182c                logbuf
                0x0000000000011830                logdiskbuf
 .data          0x0000000000011834        0x0 kernel/protect.o
 .data          0x0000000000011834        0x0 kernel/proc.o
 .data          0x0000000000011834        0x0 kernel/systask.o
 .data          0x0000000000011834        0x0 kernel/hd.o
 .data          0x0000000000011834        0x0 kernel/klib.o
 .data          0x0000000000011834        0x0 lib/syslog.o
 .data          0x0000000000011834        0x0 mm/main.o
 .data          0x0000000000011834        0x0 mm/forkexit.o
 .data          0x0000000000011834        0x0 mm/exec.o
 .data          0x0000000000011834        0x0 fs/main.o
 .data          0x0000000000011834        0x0 fs/open.o
 .data          0x0000000000011834        0x0 fs/misc.o
 .data          0x0000000000011834        0x0 fs/read_write.o
 .data          0x0000000000011834        0x0 fs/link.o
 .data          0x0000000000011834        0x0 fs/disklog.o
 .data          0x0000000000011834        0x0 lib/orangescrt.a(printf.o)
 .data          0x0000000000011834        0x0 lib/orangescrt.a(vsprintf.o)
 .data          0x0000000000011834        0x0 lib/orangescrt.a(misc.o)
 .data          0x0000000000011834        0x0 lib/orangescrt.a(open.o)
 .data          0x0000000000011834        0x0 lib/orangescrt.a(read.o)
 .data          0x0000000000011834        0x0 lib/orangescrt.a(write.o)
 .data          0x0000000000011834        0x0 lib/orangescrt.a(close.o)
 .data          0x0000000000011834        0x0 lib/orangescrt.a(lseek.o)
 .data          0x0000000000011834        0x0 lib/orangescrt.a(getpid.o)
 .data          0x0000000000011834        0x0 lib/orangescrt.a(stat.o)
 .data          0x0000000000011834        0x0 lib/orangescrt.a(fork.o)
 .data          0x0000000000011834        0x0 lib/orangescrt.a(wait.o)
 .data          0x0000000000011834        0x0 lib/orangescrt.a(exec.o)

.data1
 *(.data1)
                0x0000000000011834                _edata = .
                [!provide]                        PROVIDE (edata, .)
                0x0000000000011834                . = .
                0x0000000000011834                __bss_start = .

.bss            0x0000000000011840    0x2b7a8
 *(.dynbss)
 *(.bss .bss.* .gnu.linkonce.b.*)
 .bss           0x0000000000011840      0x800 kernel/kernel.o
 .bss           0x0000000000012040        0x0 kernel/start.o
 .bss           0x0000000000012040        0x0 kernel/main.o
 .bss           0x0000000000012040        0x0 kernel/clock.o
 .bss           0x0000000000012040       0x2c kernel/keyboard.o
 .bss           0x000000000001206c        0x0 kernel/tty.o
 .bss           0x000000000001206c        0x0 kernel/console.o
 .bss           0x000000000001206c        0x0 kernel/i8259.o
 .bss           0x000000000001206c        0x0 kernel/global.o
 .bss           0x000000000001206c        0x0 kernel/protect.o
 .bss           0x000000000001206c        0x0 kernel/proc.o
 .bss           0x000000000001206c        0x0 kernel/systask.o
 *fill*         0x000000000001206c       0x14 
 .bss           0x0000000000012080      0x64c kernel/hd.o
 .bss           0x00000000000126cc        0x0 kernel/klib.o
 .bss           0x00000000000126cc        0x0 lib/syslog.o
 .bss           0x00000000000126cc        0x0 mm/main.o
 .bss           0x00000000000126cc        0x0 mm/forkexit.o
 .bss           0x00000000000126cc        0x0 mm/exec.o
 .bss           0x00000000000126cc        0x0 fs/main.o
 .bss           0x00000000000126cc        0x0 fs/open.o
 .bss           0x00000000000126cc        0x0 fs/misc.o
 .bss           0x00000000000126cc        0x0 fs/read_write.o
 .bss           0x00000000000126cc        0x0 fs/link.o
 *fill*         0x00000000000126cc       0x14 
 .bss           0x00000000000126e0      0x208 fs/disklog.o
 .bss           0x00000000000128e8        0x0 lib/orangescrt.a(printf.o)
 .bss           0x00000000000128e8        0x0 lib/orangescrt.a(vsprintf.o)
 .bss           0x00000000000128e8        0x0 lib/orangescrt.a(misc.o)
 .bss           0x00000000000128e8        0x0 lib/orangescrt.a(open.o)
 .bss           0x00000000000128e8        0x0 lib/orangescrt.a(read.o)
 .bss           0x00000000000128e8        0x0 lib/orangescrt.a(write.o)
 .bss           0x00000000000128e8        0x0 lib/orangescrt.a(close.o)
 .bss           0x00000000000128e8        0x0 lib/orangescrt.a(lseek.o)
 .bss           0x00000000000128e8        0x0 lib/orangescrt.a(getpid.o)
 .bss           0x00000000000128e8        0x0 lib/orangescrt.a(stat.o)
 .bss           0x00000000000128e8        0x0 lib/orangescrt.a(fork.o)
 .bss           0x00000000000128e8        0x0 lib/orangescrt.a(wait.o)
 .bss           0x00000000000128e8        0x0 lib/orangescrt.a(exec.o)
 *(COMMON)
 *fill*         0x00000000000128e8       0x18 
 COMMON         0x0000000000012900       0x2c kernel/keyboard.o
                0x0000000000012900                kb_in
 *fill*         0x000000000001292c       0x14 
 COMMON         0x0000000000012940    0x2a698 kernel/global.o
                0x0000000000012940                idt_ptr
                0x0000000000012960                inode_table
                0x0000000000013460                task_stack
                0x0000000000037460                k_reenter
                0x0000000000037480                gdt
                0x0000000000037880                current_console
                0x0000000000037884                pcaller
                0x00000000000378a0                tty_table
                0x0000000000038520                tss
                0x00000000000385a0                fs_msg
                0x00000000000385d4                memory_size
                0x00000000000385e0                f_desc_table
                0x00000000000389e0                root_inode
                0x00000000000389e4                disp_pos
                0x0000000000038a00                mm_msg
                0x0000000000038a34                key_pressed
                0x0000000000038a38                gdt_ptr
                0x0000000000038a40                idt
                0x0000000000039240                super_block
                0x0000000000039420                ticks
                0x0000000000039440                console_table
                0x0000000000039480                irq_table
                0x00000000000394c0                p_proc_ready
                0x00000000000394e0                proc_table
 COMMON         0x000000000003cfd8       0x10 kernel/hd.o
                0x000000000003cfd8                PARTITION_ENTRY
                0x000000000003cfe8                . = ALIGN ((. != 0x0)?0x4:0x1)
                0x000000000003cfe8                . = ALIGN (0x4)
                0x000000000003cfe8                . = SEGMENT_START ("ldata-segment", .)
                0x000000000003cfe8                . = ALIGN (0x4)
                0x000000000003cfe8                _end = .
                [!provide]                        PROVIDE (end, .)
                0x000000000003cfe8                . = DATA_SEGMENT_END (.)

.stab
 *(.stab)

.stabstr
 *(.stabstr)

.stab.excl
 *(.stab.excl)

.stab.exclstr
 *(.stab.exclstr)

.stab.index
 *(.stab.index)

.stab.indexstr
 *(.stab.indexstr)

.comment        0x0000000000000000       0x34
 *(.comment)
 .comment       0x0000000000000000       0x34 kernel/start.o
                                         0x35 (size before relaxing)
 .comment       0x0000000000000034       0x35 kernel/main.o
 .comment       0x0000000000000034       0x35 kernel/clock.o
 .comment       0x0000000000000034       0x35 kernel/keyboard.o
 .comment       0x0000000000000034       0x35 kernel/tty.o
 .comment       0x0000000000000034       0x35 kernel/console.o
 .comment       0x0000000000000034       0x35 kernel/i8259.o
 .comment       0x0000000000000034       0x35 kernel/global.o
 .comment       0x0000000000000034       0x35 kernel/protect.o
 .comment       0x0000000000000034       0x35 kernel/proc.o
 .comment       0x0000000000000034       0x35 kernel/systask.o
 .comment       0x0000000000000034       0x35 kernel/hd.o
 .comment       0x0000000000000034       0x35 kernel/klib.o
 .comment       0x0000000000000034       0x35 lib/syslog.o
 .comment       0x0000000000000034       0x35 mm/main.o
 .comment       0x0000000000000034       0x35 mm/forkexit.o
 .comment       0x0000000000000034       0x35 mm/exec.o
 .comment       0x0000000000000034       0x35 fs/main.o
 .comment       0x0000000000000034       0x35 fs/open.o
 .comment       0x0000000000000034       0x35 fs/misc.o
 .comment       0x0000000000000034       0x35 fs/read_write.o
 .comment       0x0000000000000034       0x35 fs/link.o
 .comment       0x0000000000000034       0x35 fs/disklog.o
 .comment       0x0000000000000034       0x35 lib/orangescrt.a(printf.o)
 .comment       0x0000000000000034       0x35 lib/orangescrt.a(vsprintf.o)
 .comment       0x0000000000000034       0x35 lib/orangescrt.a(misc.o)
 .comment       0x0000000000000034       0x35 lib/orangescrt.a(open.o)
 .comment       0x0000000000000034       0x35 lib/orangescrt.a(read.o)
 .comment       0x0000000000000034       0x35 lib/orangescrt.a(write.o)
 .comment       0x0000000000000034       0x35 lib/orangescrt.a(close.o)
 .comment       0x0000000000000034       0x35 lib/orangescrt.a(lseek.o)
 .comment       0x0000000000000034       0x35 lib/orangescrt.a(getpid.o)
 .comment       0x0000000000000034       0x35 lib/orangescrt.a(stat.o)
 .comment       0x0000000000000034       0x35 lib/orangescrt.a(fork.o)
 .comment       0x0000000000000034       0x35 lib/orangescrt.a(wait.o)
 .comment       0x0000000000000034       0x35 lib/orangescrt.a(exec.o)

.debug
 *(.debug)

.line
 *(.line)

.debug_srcinfo
 *(.debug_srcinfo)

.debug_sfnames
 *(.debug_sfnames)

.debug_aranges
 *(.debug_aranges)

.debug_pubnames
 *(.debug_pubnames)

.debug_info
 *(.debug_info .gnu.linkonce.wi.*)

.debug_abbrev
 *(.debug_abbrev)

.debug_line
 *(.debug_line .debug_line.* .debug_line_end)

.debug_frame
 *(.debug_frame)

.debug_str
 *(.debug_str)

.debug_loc
 *(.debug_loc)

.debug_macinfo
 *(.debug_macinfo)

.debug_weaknames
 *(.debug_weaknames)

.debug_funcnames
 *(.debug_funcnames)

.debug_typenames
 *(.debug_typenames)

.debug_varnames
 *(.debug_varnames)

.debug_pubtypes
 *(.debug_pubtypes)

.debug_ranges
 *(.debug_ranges)

.debug_macro
 *(.debug_macro)

.gnu.attributes
 *(.gnu.attributes)

/DISCARD/
 *(.note.GNU-stack)
 *(.gnu_debuglink)
 *(.gnu.lto_*)
OUTPUT(kernel.bin elf32-i386)
